../Core/Src/main.c:105:1:__io_putchar	16	static
../Core/Src/main.c:113:6:us_delay	16	static
../Core/Src/main.c:121:6:Set_Pin_Output	32	static
../Core/Src/main.c:131:6:Set_Pin_Input	32	static
../Core/Src/main.c:141:6:DHT11_Start	8	static
../Core/Src/main.c:151:9:DHT11_Check_Response	16	static
../Core/Src/main.c:167:9:DHT11_Read	16	static
../Core/Src/main.c:183:6:set_Date_Time	8	static
../Core/Src/main.c:207:5:main	32	static
../Core/Src/main.c:368:6:SystemClock_Config	88	static
../Core/Src/main.c:417:13:MX_ADC1_Init	24	static
../Core/Src/main.c:491:13:MX_ADC2_Init	24	static
../Core/Src/main.c:538:13:MX_I2C1_Init	8	static
../Core/Src/main.c:572:13:MX_I2C2_Init	8	static
../Core/Src/main.c:606:13:MX_RTC_Init	8	static
../Core/Src/main.c:637:13:MX_TIM2_Init	32	static
../Core/Src/main.c:682:13:MX_TIM3_Init	64	static
../Core/Src/main.c:749:13:MX_TIM4_Init	64	static
../Core/Src/main.c:807:13:MX_USART2_UART_Init	8	static
../Core/Src/main.c:840:13:MX_GPIO_Init	40	static
../Core/Src/main.c:905:6:HAL_TIM_PeriodElapsedCallback	24	static
../Core/Src/main.c:974:6:Error_Handler	4	static,ignoring_inline_asm
